[0.015s][info][gc] Using Serial
[0.920s][info][gc] GC(0) Pause Young (Allocation Failure) 16M->3M(58M) 13.238ms
[1.574s][info][gc] GC(1) Pause Young (Allocation Failure) 19M->6M(58M) 22.683ms
[3.056s][info][gc] GC(2) Pause Young (Allocation Failure) 22M->7M(58M) 8.653ms
[3.642s][info][gc] GC(3) Pause Young (Allocation Failure) 23M->7M(58M) 3.257ms
[4.086s][info][gc] GC(4) Pause Young (Allocation Failure) 23M->7M(58M) 2.199ms
[4.623s][info][gc] GC(5) Pause Young (Allocation Failure) 23M->7M(58M) 3.405ms
[4.937s][info][gc] GC(6) Pause Young (Allocation Failure) 23M->7M(58M) 2.886ms
[5.138s][info][gc] GC(7) Pause Young (Allocation Failure) 23M->7M(58M) 1.231ms
[5.320s][info][gc] GC(8) Pause Young (Allocation Failure) 23M->7M(58M) 0.994ms
[5.538s][info][gc] GC(9) Pause Young (Allocation Failure) 23M->7M(58M) 1.037ms
[5.772s][info][gc] GC(10) Pause Young (Allocation Failure) 23M->7M(58M) 2.067ms
[5.964s][info][gc] GC(11) Pause Young (Allocation Failure) 23M->7M(58M) 1.209ms
[6.174s][info][gc] GC(12) Pause Young (Allocation Failure) 23M->8M(58M) 1.989ms
[6.370s][info][gc] GC(13) Pause Young (Allocation Failure) 24M->8M(58M) 1.383ms
[6.573s][info][gc] GC(14) Pause Young (Allocation Failure) 24M->8M(58M) 2.048ms
[6.800s][info][gc] GC(15) Pause Young (Allocation Failure) 24M->8M(58M) 2.313ms
[7.013s][info][gc] GC(16) Pause Young (Allocation Failure) 24M->8M(58M) 1.787ms
[7.233s][info][gc] GC(17) Pause Young (Allocation Failure) 24M->8M(58M) 2.432ms
[7.424s][info][gc] GC(18) Pause Young (Allocation Failure) 24M->8M(58M) 3.037ms
[7.635s][info][gc] GC(19) Pause Young (Allocation Failure) 24M->8M(58M) 1.893ms
[7.864s][info][gc] GC(20) Pause Young (Allocation Failure) 24M->8M(58M) 1.869ms
[8.052s][info][gc] GC(21) Pause Young (Allocation Failure) 24M->8M(58M) 1.746ms
[8.263s][info][gc] GC(22) Pause Young (Allocation Failure) 24M->8M(58M) 2.245ms
[8.474s][info][gc] GC(23) Pause Young (Allocation Failure) 24M->8M(58M) 2.554ms
[8.694s][info][gc] GC(24) Pause Young (Allocation Failure) 24M->8M(58M) 2.101ms
[8.908s][info][gc] GC(25) Pause Young (Allocation Failure) 24M->8M(58M) 2.104ms
[9.105s][info][gc] GC(26) Pause Young (Allocation Failure) 24M->8M(58M) 1.847ms
[9.310s][info][gc] GC(27) Pause Young (Allocation Failure) 24M->8M(58M) 2.517ms
[9.533s][info][gc] GC(28) Pause Young (Allocation Failure) 24M->9M(58M) 2.896ms
[9.715s][info][gc] GC(29) Pause Young (Allocation Failure) 25M->9M(58M) 1.960ms
[9.932s][info][gc] GC(30) Pause Young (Allocation Failure) 25M->9M(58M) 2.026ms
[10.145s][info][gc] GC(31) Pause Young (Allocation Failure) 25M->9M(58M) 2.009ms
[10.340s][info][gc] GC(32) Pause Young (Allocation Failure) 25M->9M(58M) 1.867ms
[10.568s][info][gc] GC(33) Pause Young (Allocation Failure) 25M->9M(58M) 2.051ms
[10.765s][info][gc] GC(34) Pause Young (Allocation Failure) 25M->9M(58M) 3.161ms
[10.948s][info][gc] GC(35) Pause Young (Allocation Failure) 25M->9M(58M) 2.123ms
[11.143s][info][gc] GC(36) Pause Young (Allocation Failure) 25M->9M(58M) 1.879ms
[11.338s][info][gc] GC(37) Pause Young (Allocation Failure) 25M->9M(58M) 2.611ms
[11.553s][info][gc] GC(38) Pause Young (Allocation Failure) 25M->9M(58M) 2.102ms
[11.759s][info][gc] GC(39) Pause Young (Allocation Failure) 25M->9M(58M) 1.842ms
[11.940s][info][gc] GC(40) Pause Young (Allocation Failure) 25M->9M(58M) 1.878ms
[12.143s][info][gc] GC(41) Pause Young (Allocation Failure) 25M->9M(58M) 2.571ms
[12.349s][info][gc] GC(42) Pause Young (Allocation Failure) 25M->9M(58M) 2.090ms
[12.574s][info][gc] GC(43) Pause Young (Allocation Failure) 25M->9M(58M) 1.839ms
[12.789s][info][gc] GC(44) Pause Young (Allocation Failure) 25M->9M(58M) 1.866ms
[12.978s][info][gc] GC(45) Pause Young (Allocation Failure) 25M->10M(58M) 1.873ms
[13.154s][info][gc] GC(46) Pause Young (Allocation Failure) 26M->10M(58M) 2.156ms
[13.340s][info][gc] GC(47) Pause Young (Allocation Failure) 26M->10M(58M) 1.470ms
[13.576s][info][gc] GC(48) Pause Young (Allocation Failure) 26M->10M(58M) 2.062ms
[13.805s][info][gc] GC(49) Pause Young (Allocation Failure) 26M->10M(58M) 2.160ms
[14.025s][info][gc] GC(50) Pause Young (Allocation Failure) 26M->10M(58M) 2.735ms
[14.199s][info][gc] GC(51) Pause Young (Allocation Failure) 26M->10M(58M) 2.762ms
[14.400s][info][gc] GC(52) Pause Young (Allocation Failure) 26M->10M(58M) 2.844ms
[14.609s][info][gc] GC(53) Pause Young (Allocation Failure) 26M->11M(58M) 2.292ms
[14.813s][info][gc] GC(54) Pause Young (Allocation Failure) 27M->11M(58M) 2.771ms
[15.017s][info][gc] GC(55) Pause Young (Allocation Failure) 27M->11M(58M) 2.757ms
[15.225s][info][gc] GC(56) Pause Young (Allocation Failure) 27M->11M(58M) 2.767ms
[15.400s][info][gc] GC(57) Pause Young (Allocation Failure) 27M->11M(58M) 1.960ms
[15.582s][info][gc] GC(58) Pause Young (Allocation Failure) 27M->11M(58M) 2.982ms
[15.779s][info][gc] GC(59) Pause Young (Allocation Failure) 27M->11M(58M) 1.246ms
[16.055s][info][gc] GC(60) Pause Young (Allocation Failure) 27M->11M(58M) 1.238ms
[16.259s][info][gc] GC(61) Pause Young (Allocation Failure) 27M->11M(58M) 1.559ms
[16.455s][info][gc] GC(62) Pause Young (Allocation Failure) 27M->11M(58M) 2.067ms
[16.645s][info][gc] GC(63) Pause Young (Allocation Failure) 27M->11M(58M) 1.465ms
[16.843s][info][gc] GC(64) Pause Young (Allocation Failure) 27M->11M(58M) 2.647ms
[17.033s][info][gc] GC(65) Pause Young (Allocation Failure) 27M->11M(58M) 1.627ms
[17.226s][info][gc] GC(66) Pause Young (Allocation Failure) 27M->11M(58M) 1.732ms
[17.442s][info][gc] GC(67) Pause Young (Allocation Failure) 27M->11M(58M) 1.748ms
[17.664s][info][gc] GC(68) Pause Young (Allocation Failure) 27M->11M(58M) 1.726ms
[17.864s][info][gc] GC(69) Pause Young (Allocation Failure) 27M->11M(58M) 1.853ms
[18.052s][info][gc] GC(70) Pause Young (Allocation Failure) 27M->11M(58M) 1.731ms
[18.229s][info][gc] GC(71) Pause Young (Allocation Failure) 27M->11M(58M) 2.642ms
[18.431s][info][gc] GC(72) Pause Young (Allocation Failure) 27M->11M(58M) 1.726ms
[18.652s][info][gc] GC(73) Pause Young (Allocation Failure) 27M->12M(58M) 1.737ms
[18.855s][info][gc] GC(74) Pause Young (Allocation Failure) 28M->12M(58M) 1.706ms
[19.038s][info][gc] GC(75) Pause Young (Allocation Failure) 28M->13M(58M) 4.289ms
[19.231s][info][gc] GC(76) Pause Young (Allocation Failure) 29M->13M(58M) 3.349ms
[19.425s][info][gc] GC(77) Pause Young (Allocation Failure) 29M->13M(58M) 2.190ms
[19.630s][info][gc] GC(78) Pause Young (Allocation Failure) 29M->13M(58M) 0.697ms
[19.840s][info][gc] GC(79) Pause Young (Allocation Failure) 29M->13M(58M) 0.776ms
[20.040s][info][gc] GC(80) Pause Young (Allocation Failure) 29M->13M(58M) 0.849ms
[20.263s][info][gc] GC(81) Pause Young (Allocation Failure) 29M->13M(58M) 0.936ms
[20.489s][info][gc] GC(82) Pause Young (Allocation Failure) 29M->13M(58M) 1.197ms
[20.704s][info][gc] GC(83) Pause Young (Allocation Failure) 29M->13M(58M) 1.212ms
[20.903s][info][gc] GC(84) Pause Young (Allocation Failure) 29M->13M(58M) 1.352ms
[21.189s][info][gc] GC(85) Pause Young (Allocation Failure) 29M->13M(58M) 1.986ms
[21.437s][info][gc] GC(86) Pause Young (Allocation Failure) 29M->13M(58M) 1.663ms
[21.648s][info][gc] GC(87) Pause Young (Allocation Failure) 29M->13M(58M) 1.430ms
[21.847s][info][gc] GC(88) Pause Young (Allocation Failure) 29M->13M(58M) 1.498ms
[22.058s][info][gc] GC(89) Pause Young (Allocation Failure) 29M->13M(58M) 1.840ms
[22.342s][info][gc] GC(90) Pause Young (Allocation Failure) 29M->13M(58M) 2.554ms
[22.863s][info][gc] GC(91) Pause Young (Allocation Failure) 29M->13M(58M) 2.461ms
[23.200s][info][gc] GC(92) Pause Young (Allocation Failure) 29M->13M(58M) 2.656ms
[23.514s][info][gc] GC(93) Pause Young (Allocation Failure) 29M->13M(58M) 2.250ms
[23.714s][info][gc] GC(94) Pause Young (Allocation Failure) 29M->14M(58M) 1.771ms
[23.901s][info][gc] GC(95) Pause Young (Allocation Failure) 30M->14M(58M) 1.742ms
[24.097s][info][gc] GC(96) Pause Young (Allocation Failure) 30M->14M(58M) 2.674ms
[24.307s][info][gc] GC(97) Pause Young (Allocation Failure) 30M->14M(58M) 1.759ms
[24.670s][info][gc] GC(98) Pause Young (Allocation Failure) 30M->14M(58M) 2.816ms
[24.986s][info][gc] GC(99) Pause Young (Allocation Failure) 30M->14M(58M) 2.948ms
[25.277s][info][gc] GC(100) Pause Young (Allocation Failure) 30M->14M(58M) 1.772ms
[25.588s][info][gc] GC(101) Pause Young (Allocation Failure) 30M->14M(58M) 2.582ms
[26.037s][info][gc] GC(102) Pause Young (Allocation Failure) 30M->14M(58M) 1.852ms
[26.315s][info][gc] GC(103) Pause Young (Allocation Failure) 30M->14M(58M) 2.783ms
[26.555s][info][gc] GC(104) Pause Young (Allocation Failure) 30M->14M(58M) 1.898ms
[26.759s][info][gc] GC(105) Pause Young (Allocation Failure) 30M->14M(58M) 1.747ms
[26.965s][info][gc] GC(106) Pause Young (Allocation Failure) 30M->14M(58M) 1.718ms
[27.169s][info][gc] GC(107) Pause Young (Allocation Failure) 30M->14M(58M) 1.748ms
[27.409s][info][gc] GC(108) Pause Young (Allocation Failure) 30M->14M(58M) 1.736ms
[27.648s][info][gc] GC(109) Pause Young (Allocation Failure) 30M->14M(58M) 1.742ms
[27.953s][info][gc] GC(110) Pause Young (Allocation Failure) 30M->14M(58M) 2.683ms
[28.245s][info][gc] GC(111) Pause Young (Allocation Failure) 30M->16M(58M) 6.517ms
[28.532s][info][gc] GC(112) Pause Young (Allocation Failure) 32M->16M(58M) 3.008ms
[28.948s][info][gc] GC(113) Pause Young (Allocation Failure) 32M->16M(58M) 2.037ms
[29.241s][info][gc] GC(114) Pause Young (Allocation Failure) 32M->16M(58M) 2.662ms
[29.484s][info][gc] GC(115) Pause Young (Allocation Failure) 32M->16M(58M) 2.009ms
[29.710s][info][gc] GC(116) Pause Young (Allocation Failure) 32M->16M(58M) 1.953ms
[29.892s][info][gc] GC(117) Pause Young (Allocation Failure) 32M->16M(58M) 1.912ms
[30.073s][info][gc] GC(118) Pause Young (Allocation Failure) 32M->16M(58M) 1.888ms
[30.276s][info][gc] GC(119) Pause Young (Allocation Failure) 32M->16M(58M) 1.853ms
[30.572s][info][gc] GC(120) Pause Young (Allocation Failure) 32M->16M(58M) 2.831ms
[30.846s][info][gc] GC(121) Pause Young (Allocation Failure) 32M->16M(58M) 2.168ms
[31.109s][info][gc] GC(122) Pause Young (Allocation Failure) 32M->16M(58M) 1.982ms
[31.380s][info][gc] GC(123) Pause Young (Allocation Failure) 32M->16M(58M) 1.851ms
[31.759s][info][gc] GC(124) Pause Young (Allocation Failure) 32M->16M(58M) 13.801ms
[32.027s][info][gc] GC(125) Pause Young (Allocation Failure) 32M->16M(58M) 2.669ms
[32.287s][info][gc] GC(126) Pause Young (Allocation Failure) 32M->17M(58M) 2.565ms
[32.481s][info][gc] GC(127) Pause Young (Allocation Failure) 33M->17M(58M) 2.283ms
[32.683s][info][gc] GC(128) Pause Young (Allocation Failure) 33M->17M(58M) 1.744ms
[32.906s][info][gc] GC(129) Pause Young (Allocation Failure) 33M->17M(58M) 2.022ms
[33.104s][info][gc] GC(130) Pause Young (Allocation Failure) 33M->17M(58M) 1.736ms
[33.379s][info][gc] GC(131) Pause Young (Allocation Failure) 33M->17M(58M) 2.809ms
[33.651s][info][gc] GC(132) Pause Young (Allocation Failure) 33M->17M(58M) 2.605ms
[33.935s][info][gc] GC(133) Pause Young (Allocation Failure) 33M->17M(58M) 2.667ms
[34.221s][info][gc] GC(134) Pause Young (Allocation Failure) 33M->17M(58M) 2.745ms
[34.591s][info][gc] GC(135) Pause Young (Allocation Failure) 33M->17M(58M) 2.696ms
[34.867s][info][gc] GC(136) Pause Young (Allocation Failure) 33M->17M(58M) 1.839ms
[35.103s][info][gc] GC(137) Pause Young (Allocation Failure) 33M->17M(58M) 1.729ms
[35.275s][info][gc] GC(138) Pause Young (Allocation Failure) 33M->17M(58M) 1.743ms
[35.482s][info][gc] GC(139) Pause Young (Allocation Failure) 33M->17M(58M) 1.745ms
[35.681s][info][gc] GC(140) Pause Young (Allocation Failure) 33M->17M(58M) 1.814ms
[35.885s][info][gc] GC(141) Pause Young (Allocation Failure) 33M->17M(58M) 1.759ms
[36.081s][info][gc] GC(142) Pause Young (Allocation Failure) 33M->17M(58M) 1.731ms
[36.315s][info][gc] GC(143) Pause Young (Allocation Failure) 33M->17M(58M) 2.690ms
[36.671s][info][gc] GC(144) Pause Young (Allocation Failure) 33M->17M(58M) 2.738ms
[36.929s][info][gc] GC(145) Pause Young (Allocation Failure) 33M->17M(58M) 2.821ms
[37.227s][info][gc] GC(146) Pause Young (Allocation Failure) 33M->18M(58M) 2.243ms
[37.591s][info][gc] GC(147) Pause Young (Allocation Failure) 34M->18M(58M) 1.789ms
[37.883s][info][gc] GC(148) Pause Young (Allocation Failure) 34M->18M(58M) 2.082ms
[38.152s][info][gc] GC(149) Pause Young (Allocation Failure) 34M->18M(58M) 1.729ms
[38.360s][info][gc] GC(150) Pause Young (Allocation Failure) 34M->18M(58M) 1.810ms
[38.540s][info][gc] GC(151) Pause Young (Allocation Failure) 34M->18M(58M) 2.940ms
[38.766s][info][gc] GC(152) Pause Young (Allocation Failure) 34M->18M(58M) 1.747ms
[38.983s][info][gc] GC(153) Pause Young (Allocation Failure) 34M->18M(58M) 1.727ms
[39.176s][info][gc] GC(154) Pause Young (Allocation Failure) 34M->18M(58M) 2.638ms
[39.397s][info][gc] GC(155) Pause Young (Allocation Failure) 34M->18M(58M) 1.762ms
[39.682s][info][gc] GC(156) Pause Young (Allocation Failure) 34M->18M(58M) 2.705ms
[39.954s][info][gc] GC(157) Pause Young (Allocation Failure) 34M->18M(58M) 3.037ms
[40.230s][info][gc] GC(158) Pause Young (Allocation Failure) 34M->18M(58M) 2.710ms
[40.652s][info][gc] GC(159) Pause Young (Allocation Failure) 34M->18M(58M) 2.685ms
[40.921s][info][gc] GC(160) Pause Young (Allocation Failure) 34M->18M(58M) 1.954ms
[41.206s][info][gc] GC(161) Pause Young (Allocation Failure) 34M->18M(58M) 2.844ms
[41.418s][info][gc] GC(162) Pause Young (Allocation Failure) 34M->18M(58M) 1.791ms
[41.614s][info][gc] GC(163) Pause Young (Allocation Failure) 34M->18M(58M) 2.280ms
[41.809s][info][gc] GC(164) Pause Young (Allocation Failure) 34M->18M(58M) 2.308ms
[41.997s][info][gc] GC(165) Pause Young (Allocation Failure) 34M->18M(58M) 2.141ms
[42.290s][info][gc] GC(166) Pause Young (Allocation Failure) 34M->21M(58M) 7.365ms
[42.556s][info][gc] GC(167) Pause Young (Allocation Failure) 37M->21M(58M) 2.033ms
[42.848s][info][gc] GC(168) Pause Young (Allocation Failure) 37M->21M(58M) 2.861ms
[43.130s][info][gc] GC(169) Pause Young (Allocation Failure) 37M->21M(58M) 3.047ms
[43.537s][info][gc] GC(170) Pause Young (Allocation Failure) 37M->21M(58M) 3.061ms
[43.809s][info][gc] GC(171) Pause Young (Allocation Failure) 37M->21M(58M) 3.068ms
[44.038s][info][gc] GC(172) Pause Young (Allocation Failure) 37M->21M(58M) 2.003ms
[44.231s][info][gc] GC(173) Pause Young (Allocation Failure) 37M->21M(58M) 2.232ms
[44.447s][info][gc] GC(174) Pause Young (Allocation Failure) 37M->21M(58M) 2.009ms
[44.659s][info][gc] GC(175) Pause Young (Allocation Failure) 37M->21M(58M) 1.821ms
[44.889s][info][gc] GC(176) Pause Young (Allocation Failure) 37M->21M(58M) 1.890ms
[45.123s][info][gc] GC(177) Pause Young (Allocation Failure) 37M->21M(58M) 2.491ms
[45.385s][info][gc] GC(178) Pause Young (Allocation Failure) 37M->21M(58M) 2.741ms
[45.654s][info][gc] GC(179) Pause Young (Allocation Failure) 37M->21M(58M) 1.770ms
[45.945s][info][gc] GC(180) Pause Young (Allocation Failure) 37M->21M(58M) 1.782ms
[46.302s][info][gc] GC(181) Pause Young (Allocation Failure) 37M->21M(58M) 2.129ms
[46.597s][info][gc] GC(182) Pause Young (Allocation Failure) 37M->21M(58M) 1.792ms
[46.879s][info][gc] GC(183) Pause Young (Allocation Failure) 37M->21M(58M) 1.726ms
[47.073s][info][gc] GC(184) Pause Young (Allocation Failure) 37M->21M(58M) 1.731ms
[47.269s][info][gc] GC(185) Pause Young (Allocation Failure) 37M->22M(58M) 1.708ms
[47.469s][info][gc] GC(186) Pause Young (Allocation Failure) 38M->22M(58M) 1.733ms
[47.661s][info][gc] GC(187) Pause Young (Allocation Failure) 38M->22M(58M) 2.700ms
[47.870s][info][gc] GC(188) Pause Young (Allocation Failure) 38M->22M(58M) 1.798ms
[48.072s][info][gc] GC(189) Pause Young (Allocation Failure) 38M->22M(58M) 1.762ms
[48.277s][info][gc] GC(190) Pause Young (Allocation Failure) 38M->22M(58M) 2.765ms
[48.469s][info][gc] GC(191) Pause Young (Allocation Failure) 38M->22M(58M) 1.779ms
[48.685s][info][gc] GC(192) Pause Young (Allocation Failure) 38M->22M(58M) 3.071ms
[48.989s][info][gc] GC(193) Pause Young (Allocation Failure) 38M->22M(58M) 2.433ms
[49.276s][info][gc] GC(194) Pause Young (Allocation Failure) 38M->22M(58M) 2.857ms
[49.578s][info][gc] GC(195) Pause Young (Allocation Failure) 38M->22M(58M) 2.667ms
[49.933s][info][gc] GC(196) Pause Young (Allocation Failure) 38M->22M(58M) 1.774ms
[50.232s][info][gc] GC(197) Pause Young (Allocation Failure) 38M->22M(58M) 2.565ms
[50.519s][info][gc] GC(198) Pause Young (Allocation Failure) 38M->22M(58M) 1.746ms
[50.720s][info][gc] GC(199) Pause Young (Allocation Failure) 38M->22M(58M) 1.747ms
[50.938s][info][gc] GC(200) Pause Young (Allocation Failure) 38M->22M(58M) 1.790ms
[51.145s][info][gc] GC(201) Pause Young (Allocation Failure) 38M->22M(58M) 1.754ms
[51.341s][info][gc] GC(202) Pause Young (Allocation Failure) 38M->22M(58M) 1.800ms
[51.542s][info][gc] GC(203) Pause Young (Allocation Failure) 38M->22M(58M) 1.734ms
[51.757s][info][gc] GC(204) Pause Young (Allocation Failure) 38M->22M(58M) 1.806ms
[52.026s][info][gc] GC(205) Pause Young (Allocation Failure) 38M->23M(58M) 1.754ms
[52.318s][info][gc] GC(206) Pause Young (Allocation Failure) 39M->23M(58M) 2.781ms
[52.595s][info][gc] GC(207) Pause Young (Allocation Failure) 39M->23M(58M) 2.631ms
[52.936s][info][gc] GC(208) Pause Young (Allocation Failure) 39M->23M(58M) 66.682ms
[53.213s][info][gc] GC(209) Pause Young (Allocation Failure) 39M->23M(58M) 1.749ms
[53.530s][info][gc] GC(210) Pause Young (Allocation Failure) 39M->23M(58M) 2.657ms
[53.754s][info][gc] GC(211) Pause Young (Allocation Failure) 39M->23M(58M) 1.746ms
[53.960s][info][gc] GC(212) Pause Young (Allocation Failure) 39M->23M(58M) 2.220ms
[54.171s][info][gc] GC(213) Pause Young (Allocation Failure) 39M->23M(58M) 2.646ms
[54.386s][info][gc] GC(214) Pause Young (Allocation Failure) 39M->23M(58M) 1.769ms
[54.615s][info][gc] GC(215) Pause Young (Allocation Failure) 39M->23M(58M) 1.745ms
[54.821s][info][gc] GC(216) Pause Young (Allocation Failure) 39M->23M(58M) 2.659ms
[55.020s][info][gc] GC(217) Pause Young (Allocation Failure) 39M->23M(58M) 1.826ms
[55.225s][info][gc] GC(218) Pause Young (Allocation Failure) 39M->23M(58M) 1.812ms
[55.509s][info][gc] GC(219) Pause Young (Allocation Failure) 39M->23M(58M) 1.755ms
[55.820s][info][gc] GC(220) Pause Young (Allocation Failure) 39M->23M(58M) 2.840ms
[56.196s][info][gc] GC(221) Pause Young (Allocation Failure) 39M->23M(58M) 2.452ms
[56.613s][info][gc] GC(222) Pause Young (Allocation Failure) 39M->23M(58M) 2.377ms
[56.901s][info][gc] GC(223) Pause Young (Allocation Failure) 39M->23M(58M) 2.717ms
[57.153s][info][gc] GC(224) Pause Young (Allocation Failure) 39M->23M(58M) 1.864ms
[57.366s][info][gc] GC(225) Pause Young (Allocation Failure) 39M->24M(58M) 2.246ms
[57.611s][info][gc] GC(226) Pause Young (Allocation Failure) 40M->24M(58M) 1.786ms
[57.942s][info][gc] GC(227) Pause Young (Allocation Failure) 40M->24M(58M) 1.844ms
[58.243s][info][gc] GC(228) Pause Young (Allocation Failure) 40M->24M(58M) 2.872ms
[58.665s][info][gc] GC(229) Pause Young (Allocation Failure) 40M->24M(58M) 70.533ms
[58.930s][info][gc] GC(230) Pause Young (Allocation Failure) 40M->24M(58M) 2.751ms
[59.178s][info][gc] GC(231) Pause Young (Allocation Failure) 40M->24M(58M) 1.763ms
[59.442s][info][gc] GC(232) Pause Young (Allocation Failure) 40M->24M(58M) 1.762ms
[59.657s][info][gc] GC(233) Pause Young (Allocation Failure) 40M->24M(58M) 1.726ms
[59.898s][info][gc] GC(234) Pause Young (Allocation Failure) 40M->24M(58M) 2.799ms
[60.104s][info][gc] GC(235) Pause Young (Allocation Failure) 40M->24M(58M) 1.749ms
[60.321s][info][gc] GC(236) Pause Young (Allocation Failure) 40M->24M(58M) 1.755ms
[60.529s][info][gc] GC(237) Pause Young (Allocation Failure) 40M->24M(58M) 2.698ms
[60.726s][info][gc] GC(238) Pause Young (Allocation Failure) 40M->24M(58M) 1.929ms
[60.945s][info][gc] GC(239) Pause Young (Allocation Failure) 40M->24M(58M) 2.689ms
[61.193s][info][gc] GC(240) Pause Young (Allocation Failure) 40M->24M(58M) 1.833ms
[61.469s][info][gc] GC(241) Pause Young (Allocation Failure) 40M->24M(58M) 1.912ms
[61.734s][info][gc] GC(242) Pause Young (Allocation Failure) 40M->24M(58M) 2.655ms
[61.992s][info][gc] GC(243) Pause Young (Allocation Failure) 40M->24M(58M) 1.835ms
[62.276s][info][gc] GC(244) Pause Young (Allocation Failure) 40M->25M(58M) 2.727ms
[62.684s][info][gc] GC(245) Pause Young (Allocation Failure) 41M->25M(58M) 3.074ms
[63.027s][info][gc] GC(246) Pause Young (Allocation Failure) 41M->25M(58M) 1.734ms
[63.217s][info][gc] GC(247) Pause Young (Allocation Failure) 41M->25M(58M) 1.747ms
[63.388s][info][gc] GC(248) Pause Young (Allocation Failure) 41M->28M(58M) 7.141ms
[63.578s][info][gc] GC(249) Pause Young (Allocation Failure) 44M->28M(58M) 1.974ms
[63.841s][info][gc] GC(250) Pause Young (Allocation Failure) 44M->28M(58M) 3.392ms
[64.128s][info][gc] GC(251) Pause Young (Allocation Failure) 44M->28M(58M) 1.991ms
[64.433s][info][gc] GC(252) Pause Young (Allocation Failure) 44M->28M(58M) 2.268ms
[64.708s][info][gc] GC(253) Pause Young (Allocation Failure) 44M->28M(58M) 2.239ms
[65.098s][info][gc] GC(254) Pause Young (Allocation Failure) 44M->28M(58M) 1.904ms
[65.413s][info][gc] GC(255) Pause Young (Allocation Failure) 44M->28M(58M) 2.248ms
[65.621s][info][gc] GC(256) Pause Young (Allocation Failure) 44M->28M(58M) 1.830ms
[65.816s][info][gc] GC(257) Pause Young (Allocation Failure) 44M->28M(58M) 2.796ms
[66.005s][info][gc] GC(258) Pause Young (Allocation Failure) 44M->28M(58M) 2.054ms
[66.214s][info][gc] GC(259) Pause Young (Allocation Failure) 44M->28M(58M) 1.798ms
[66.412s][info][gc] GC(260) Pause Young (Allocation Failure) 44M->28M(58M) 2.048ms
[66.619s][info][gc] GC(261) Pause Young (Allocation Failure) 44M->28M(58M) 1.747ms
[66.849s][info][gc] GC(262) Pause Young (Allocation Failure) 44M->28M(58M) 1.750ms
[67.127s][info][gc] GC(263) Pause Young (Allocation Failure) 44M->29M(58M) 2.634ms
[67.419s][info][gc] GC(264) Pause Young (Allocation Failure) 45M->29M(58M) 1.770ms
[67.716s][info][gc] GC(265) Pause Young (Allocation Failure) 45M->29M(58M) 2.834ms
[67.985s][info][gc] GC(266) Pause Young (Allocation Failure) 45M->29M(58M) 2.618ms
[68.365s][info][gc] GC(267) Pause Young (Allocation Failure) 45M->29M(58M) 2.726ms
[68.710s][info][gc] GC(268) Pause Young (Allocation Failure) 45M->29M(58M) 2.690ms
[68.939s][info][gc] GC(269) Pause Young (Allocation Failure) 45M->29M(58M) 1.774ms
[69.161s][info][gc] GC(270) Pause Young (Allocation Failure) 45M->29M(58M) 1.728ms
[69.396s][info][gc] GC(271) Pause Young (Allocation Failure) 45M->29M(58M) 1.834ms
[69.580s][info][gc] GC(272) Pause Young (Allocation Failure) 45M->29M(58M) 1.733ms
[69.776s][info][gc] GC(273) Pause Young (Allocation Failure) 45M->29M(58M) 1.844ms
[69.962s][info][gc] GC(274) Pause Young (Allocation Failure) 45M->29M(58M) 1.753ms
[70.169s][info][gc] GC(275) Pause Young (Allocation Failure) 45M->29M(58M) 1.716ms
[70.369s][info][gc] GC(276) Pause Young (Allocation Failure) 45M->29M(58M) 2.813ms
[70.588s][info][gc] GC(277) Pause Young (Allocation Failure) 45M->29M(58M) 1.706ms
[70.804s][info][gc] GC(278) Pause Young (Allocation Failure) 45M->29M(58M) 1.738ms
[71.010s][info][gc] GC(279) Pause Young (Allocation Failure) 45M->29M(58M) 2.544ms
[71.226s][info][gc] GC(280) Pause Young (Allocation Failure) 45M->29M(58M) 1.718ms
[71.448s][info][gc] GC(281) Pause Young (Allocation Failure) 45M->29M(58M) 1.704ms
[71.746s][info][gc] GC(282) Pause Young (Allocation Failure) 45M->29M(58M) 1.756ms
[72.020s][info][gc] GC(283) Pause Young (Allocation Failure) 45M->30M(58M) 1.743ms
[72.297s][info][gc] GC(284) Pause Young (Allocation Failure) 46M->30M(58M) 2.790ms
[72.617s][info][gc] GC(285) Pause Young (Allocation Failure) 46M->30M(58M) 2.779ms
[72.992s][info][gc] GC(286) Pause Young (Allocation Failure) 46M->30M(58M) 1.770ms
[73.255s][info][gc] GC(287) Pause Young (Allocation Failure) 46M->30M(58M) 1.740ms
[73.521s][info][gc] GC(288) Pause Young (Allocation Failure) 46M->30M(58M) 2.092ms
[73.728s][info][gc] GC(289) Pause Young (Allocation Failure) 46M->30M(58M) 1.726ms
[73.951s][info][gc] GC(290) Pause Young (Allocation Failure) 46M->30M(58M) 2.000ms
[74.167s][info][gc] GC(291) Pause Young (Allocation Failure) 46M->30M(58M) 1.724ms
[74.353s][info][gc] GC(292) Pause Young (Allocation Failure) 46M->30M(58M) 2.027ms
[74.570s][info][gc] GC(293) Pause Young (Allocation Failure) 46M->30M(58M) 1.756ms
[74.782s][info][gc] GC(294) Pause Young (Allocation Failure) 46M->30M(58M) 1.804ms
[74.968s][info][gc] GC(295) Pause Young (Allocation Failure) 46M->30M(58M) 2.655ms
[75.167s][info][gc] GC(296) Pause Young (Allocation Failure) 46M->30M(58M) 1.724ms
[75.405s][info][gc] GC(297) Pause Young (Allocation Failure) 46M->30M(58M) 3.400ms
[75.714s][info][gc] GC(298) Pause Young (Allocation Failure) 46M->30M(58M) 1.746ms
[76.243s][info][gc] GC(299) Pause Young (Allocation Failure) 46M->30M(58M) 2.712ms
[76.524s][info][gc] GC(300) Pause Young (Allocation Failure) 46M->30M(58M) 2.791ms
[76.817s][info][gc] GC(301) Pause Young (Allocation Failure) 46M->30M(58M) 2.518ms
[77.195s][info][gc] GC(302) Pause Young (Allocation Failure) 46M->31M(58M) 1.752ms
[77.480s][info][gc] GC(303) Pause Young (Allocation Failure) 47M->31M(58M) 1.760ms
[77.712s][info][gc] GC(304) Pause Young (Allocation Failure) 47M->31M(58M) 1.732ms
[77.932s][info][gc] GC(305) Pause Young (Allocation Failure) 47M->31M(58M) 1.741ms
[78.133s][info][gc] GC(306) Pause Young (Allocation Failure) 47M->31M(58M) 1.727ms
[78.339s][info][gc] GC(307) Pause Young (Allocation Failure) 47M->31M(58M) 1.779ms
[78.548s][info][gc] GC(308) Pause Young (Allocation Failure) 47M->31M(58M) 1.746ms
[78.752s][info][gc] GC(309) Pause Young (Allocation Failure) 47M->31M(58M) 1.744ms
[78.962s][info][gc] GC(310) Pause Young (Allocation Failure) 47M->31M(58M) 1.739ms
[79.157s][info][gc] GC(311) Pause Young (Allocation Failure) 47M->31M(58M) 1.802ms
[79.369s][info][gc] GC(312) Pause Young (Allocation Failure) 47M->31M(58M) 1.719ms
[79.620s][info][gc] GC(313) Pause Young (Allocation Failure) 47M->31M(58M) 1.742ms
[79.831s][info][gc] GC(314) Pause Young (Allocation Failure) 47M->31M(58M) 1.722ms
[80.067s][info][gc] GC(315) Pause Young (Allocation Failure) 47M->31M(58M) 1.877ms
[80.277s][info][gc] GC(316) Pause Young (Allocation Failure) 47M->31M(58M) 1.903ms
[80.514s][info][gc] GC(317) Pause Young (Allocation Failure) 47M->31M(58M) 2.900ms
[80.797s][info][gc] GC(318) Pause Young (Allocation Failure) 47M->31M(58M) 1.875ms
[81.077s][info][gc] GC(319) Pause Young (Allocation Failure) 47M->31M(58M) 2.607ms
[81.366s][info][gc] GC(320) Pause Young (Allocation Failure) 47M->31M(58M) 1.772ms
[81.761s][info][gc] GC(321) Pause Young (Allocation Failure) 47M->31M(58M) 1.790ms
[82.060s][info][gc] GC(322) Pause Young (Allocation Failure) 47M->32M(58M) 2.172ms
[82.311s][info][gc] GC(323) Pause Young (Allocation Failure) 48M->32M(58M) 2.662ms
[82.516s][info][gc] GC(324) Pause Young (Allocation Failure) 48M->32M(58M) 1.782ms
[82.728s][info][gc] GC(325) Pause Young (Allocation Failure) 48M->32M(58M) 1.752ms
[82.901s][info][gc] GC(326) Pause Young (Allocation Failure) 48M->32M(58M) 1.811ms
[83.092s][info][gc] GC(327) Pause Young (Allocation Failure) 48M->32M(58M) 1.774ms
[83.279s][info][gc] GC(328) Pause Young (Allocation Failure) 48M->32M(58M) 2.809ms
[83.460s][info][gc] GC(329) Pause Young (Allocation Failure) 48M->32M(58M) 1.738ms
[83.663s][info][gc] GC(330) Pause Young (Allocation Failure) 48M->32M(58M) 1.740ms
[83.856s][info][gc] GC(331) Pause Young (Allocation Failure) 48M->32M(58M) 1.849ms
[84.089s][info][gc] GC(332) Pause Young (Allocation Failure) 48M->32M(58M) 1.827ms
[84.280s][info][gc] GC(333) Pause Young (Allocation Failure) 48M->32M(58M) 1.760ms
[84.464s][info][gc] GC(334) Pause Young (Allocation Failure) 48M->32M(58M) 1.774ms
[84.663s][info][gc] GC(335) Pause Young (Allocation Failure) 48M->32M(58M) 1.717ms
[84.869s][info][gc] GC(336) Pause Young (Allocation Failure) 48M->32M(58M) 1.906ms
[85.065s][info][gc] GC(337) Pause Young (Allocation Failure) 48M->32M(58M) 1.747ms
[85.262s][info][gc] GC(338) Pause Young (Allocation Failure) 48M->32M(58M) 2.106ms
[85.471s][info][gc] GC(339) Pause Young (Allocation Failure) 48M->32M(58M) 2.825ms
[85.652s][info][gc] GC(340) Pause Young (Allocation Failure) 48M->32M(58M) 2.058ms
[85.848s][info][gc] GC(341) Pause Young (Allocation Failure) 48M->32M(58M) 2.140ms
[86.116s][info][gc] GC(342) Pause Young (Allocation Failure) 48M->33M(58M) 2.806ms
[86.415s][info][gc] GC(343) Pause Young (Allocation Failure) 49M->33M(58M) 1.766ms
[86.710s][info][gc] GC(344) Pause Young (Allocation Failure) 49M->33M(58M) 2.703ms
[86.987s][info][gc] GC(345) Pause Young (Allocation Failure) 49M->33M(58M) 2.162ms
[87.346s][info][gc] GC(346) Pause Young (Allocation Failure) 49M->33M(58M) 2.709ms
[87.658s][info][gc] GC(347) Pause Young (Allocation Failure) 49M->33M(58M) 2.345ms
[87.848s][info][gc] GC(348) Pause Young (Allocation Failure) 49M->33M(58M) 1.740ms
[88.038s][info][gc] GC(349) Pause Young (Allocation Failure) 49M->33M(58M) 1.716ms
[88.258s][info][gc] GC(350) Pause Young (Allocation Failure) 49M->33M(58M) 1.725ms
[88.434s][info][gc] GC(351) Pause Young (Allocation Failure) 49M->33M(58M) 2.100ms
[88.639s][info][gc] GC(352) Pause Young (Allocation Failure) 49M->33M(58M) 2.025ms
[88.826s][info][gc] GC(353) Pause Young (Allocation Failure) 49M->33M(58M) 2.162ms
[89.080s][info][gc] GC(354) Pause Young (Allocation Failure) 49M->33M(58M) 2.677ms
[89.289s][info][gc] GC(355) Pause Young (Allocation Failure) 49M->33M(58M) 1.721ms
[89.493s][info][gc] GC(356) Pause Young (Allocation Failure) 49M->33M(58M) 1.831ms
[89.710s][info][gc] GC(357) Pause Young (Allocation Failure) 49M->33M(58M) 2.409ms
[89.973s][info][gc] GC(358) Pause Young (Allocation Failure) 49M->33M(58M) 2.366ms
[90.216s][info][gc] GC(359) Pause Young (Allocation Failure) 49M->33M(58M) 1.744ms
[90.413s][info][gc] GC(360) Pause Young (Allocation Failure) 49M->33M(58M) 2.391ms
[90.731s][info][gc] GC(361) Pause Young (Allocation Failure) 49M->33M(58M) 2.808ms
[90.998s][info][gc] GC(362) Pause Young (Allocation Failure) 49M->34M(58M) 2.859ms
[91.278s][info][gc] GC(363) Pause Young (Allocation Failure) 50M->34M(58M) 1.891ms
[91.648s][info][gc] GC(364) Pause Young (Allocation Failure) 50M->34M(58M) 2.745ms
[91.932s][info][gc] GC(365) Pause Young (Allocation Failure) 50M->34M(58M) 1.757ms
[92.233s][info][gc] GC(366) Pause Young (Allocation Failure) 50M->34M(58M) 1.759ms
[92.445s][info][gc] GC(367) Pause Young (Allocation Failure) 50M->34M(58M) 1.777ms
[92.648s][info][gc] GC(368) Pause Young (Allocation Failure) 50M->34M(58M) 1.731ms
[92.849s][info][gc] GC(369) Pause Young (Allocation Failure) 50M->34M(58M) 1.855ms
[93.045s][info][gc] GC(370) Pause Young (Allocation Failure) 50M->34M(58M) 2.713ms
[93.194s][info][gc] GC(371) Pause Young (Allocation Failure) 50M->39M(58M) 11.033ms
[93.395s][info][gc] GC(372) Pause Young (Allocation Failure) 55M->39M(58M) 2.415ms
[93.599s][info][gc] GC(373) Pause Young (Allocation Failure) 55M->39M(58M) 2.601ms
[93.803s][info][gc] GC(374) Pause Young (Allocation Failure) 55M->39M(58M) 2.241ms
[94.004s][info][gc] GC(375) Pause Young (Allocation Failure) 55M->39M(58M) 3.042ms
[94.205s][info][gc] GC(376) Pause Young (Allocation Failure) 55M->39M(58M) 2.872ms
[94.398s][info][gc] GC(377) Pause Young (Allocation Failure) 55M->39M(58M) 2.600ms
[94.648s][info][gc] GC(378) Pause Young (Allocation Failure) 55M->39M(58M) 2.355ms
[94.931s][info][gc] GC(379) Pause Young (Allocation Failure) 55M->39M(58M) 1.929ms
[95.210s][info][gc] GC(380) Pause Young (Allocation Failure) 55M->39M(58M) 3.031ms
[95.485s][info][gc] GC(381) Pause Young (Allocation Failure) 55M->39M(58M) 1.851ms
[95.870s][info][gc] GC(382) Pause Young (Allocation Failure) 55M->39M(58M) 2.870ms
[96.156s][info][gc] GC(383) Pause Young (Allocation Failure) 55M->39M(58M) 2.818ms
[96.388s][info][gc] GC(384) Pause Young (Allocation Failure) 55M->39M(58M) 1.883ms
[96.664s][info][gc] GC(385) Pause Young (Allocation Failure) 55M->39M(58M) 1.736ms
[96.862s][info][gc] GC(386) Pause Young (Allocation Failure) 55M->39M(58M) 2.490ms
[97.081s][info][gc] GC(387) Pause Young (Allocation Failure) 55M->39M(58M) 2.613ms
[97.293s][info][gc] GC(388) Pause Young (Allocation Failure) 55M->39M(58M) 1.738ms
[97.491s][info][gc] GC(389) Pause Young (Allocation Failure) 55M->40M(58M) 1.740ms
[97.697s][info][gc] GC(390) Pause Young (Allocation Failure) 56M->40M(58M) 1.917ms
[97.904s][info][gc] GC(391) Pause Young (Allocation Failure) 56M->40M(58M) 2.401ms
[98.073s][info][gc] GC(392) Pause Young (Allocation Failure) 56M->40M(58M) 1.744ms
[98.278s][info][gc] GC(393) Pause Young (Allocation Failure) 56M->40M(58M) 1.737ms
[98.470s][info][gc] GC(394) Pause Young (Allocation Failure) 56M->40M(58M) 2.015ms
[98.675s][info][gc] GC(395) Pause Young (Allocation Failure) 56M->40M(58M) 2.039ms
[98.925s][info][gc] GC(396) Pause Young (Allocation Failure) 56M->40M(58M) 2.680ms
[99.209s][info][gc] GC(397) Pause Young (Allocation Failure) 56M->40M(58M) 2.654ms
[99.477s][info][gc] GC(398) Pause Young (Allocation Failure) 56M->40M(58M) 2.661ms
[99.793s][info][gc] GC(399) Pause Young (Allocation Failure) 56M->40M(58M) 2.769ms
[100.151s][info][gc] GC(400) Pause Young (Allocation Failure) 56M->40M(58M) 1.786ms
[100.440s][info][gc] GC(401) Pause Young (Allocation Failure) 56M->40M(58M) 1.765ms
[100.695s][info][gc] GC(402) Pause Young (Allocation Failure) 56M->40M(58M) 1.765ms
[100.921s][info][gc] GC(403) Pause Young (Allocation Failure) 56M->40M(58M) 1.739ms
[101.109s][info][gc] GC(404) Pause Young (Allocation Failure) 56M->40M(58M) 1.777ms
[101.270s][info][gc] GC(405) Pause Full (Allocation Failure) 40M->34M(82M) 160.364ms
[101.530s][info][gc] GC(406) Pause Young (Allocation Failure) 57M->34M(82M) 0.817ms
[101.845s][info][gc] GC(407) Pause Young (Allocation Failure) 57M->34M(82M) 0.923ms
[102.145s][info][gc] GC(408) Pause Young (Allocation Failure) 57M->34M(82M) 1.288ms
[102.430s][info][gc] GC(409) Pause Young (Allocation Failure) 57M->34M(82M) 1.098ms
[102.833s][info][gc] GC(410) Pause Young (Allocation Failure) 57M->34M(82M) 1.404ms
[103.227s][info][gc] GC(411) Pause Young (Allocation Failure) 57M->34M(82M) 1.725ms
[103.738s][info][gc] GC(412) Pause Young (Allocation Failure) 57M->34M(82M) 2.099ms
[104.162s][info][gc] GC(413) Pause Young (Allocation Failure) 57M->34M(82M) 2.293ms
[104.523s][info][gc] GC(414) Pause Young (Allocation Failure) 57M->34M(82M) 2.420ms
[104.808s][info][gc] GC(415) Pause Young (Allocation Failure) 57M->34M(82M) 1.770ms
[105.113s][info][gc] GC(416) Pause Young (Allocation Failure) 57M->35M(82M) 3.531ms
[105.384s][info][gc] GC(417) Pause Young (Allocation Failure) 57M->35M(82M) 1.989ms
[105.681s][info][gc] GC(418) Pause Young (Allocation Failure) 58M->35M(82M) 2.522ms
[105.995s][info][gc] GC(419) Pause Young (Allocation Failure) 58M->35M(82M) 2.210ms
[106.273s][info][gc] GC(420) Pause Young (Allocation Failure) 58M->35M(82M) 2.289ms
[106.556s][info][gc] GC(421) Pause Young (Allocation Failure) 58M->35M(82M) 3.606ms
[106.928s][info][gc] GC(422) Pause Young (Allocation Failure) 58M->35M(82M) 2.440ms
[107.212s][info][gc] GC(423) Pause Young (Allocation Failure) 58M->35M(82M) 2.364ms
[107.518s][info][gc] GC(424) Pause Young (Allocation Failure) 58M->35M(82M) 3.317ms
[107.802s][info][gc] GC(425) Pause Young (Allocation Failure) 58M->35M(82M) 2.454ms
[108.061s][info][gc] GC(426) Pause Young (Allocation Failure) 58M->35M(82M) 3.550ms
[108.411s][info][gc] GC(427) Pause Young (Allocation Failure) 58M->35M(82M) 3.652ms
[108.817s][info][gc] GC(428) Pause Young (Allocation Failure) 58M->35M(82M) 3.856ms
[109.188s][info][gc] GC(429) Pause Young (Allocation Failure) 58M->35M(82M) 2.385ms
[109.692s][info][gc] GC(430) Pause Young (Allocation Failure) 58M->36M(82M) 3.654ms
[110.103s][info][gc] GC(431) Pause Young (Allocation Failure) 58M->36M(82M) 2.786ms
[110.377s][info][gc] GC(432) Pause Young (Allocation Failure) 59M->36M(82M) 3.779ms
[110.664s][info][gc] GC(433) Pause Young (Allocation Failure) 59M->36M(82M) 2.389ms
[110.951s][info][gc] GC(434) Pause Young (Allocation Failure) 59M->36M(82M) 2.955ms
[111.253s][info][gc] GC(435) Pause Young (Allocation Failure) 59M->36M(82M) 2.694ms
[111.526s][info][gc] GC(436) Pause Young (Allocation Failure) 59M->36M(82M) 2.495ms
[111.816s][info][gc] GC(437) Pause Young (Allocation Failure) 59M->36M(82M) 3.122ms
[112.111s][info][gc] GC(438) Pause Young (Allocation Failure) 59M->36M(82M) 3.464ms
[112.398s][info][gc] GC(439) Pause Young (Allocation Failure) 59M->36M(82M) 2.358ms
[112.711s][info][gc] GC(440) Pause Young (Allocation Failure) 59M->36M(82M) 3.696ms
[113.069s][info][gc] GC(441) Pause Young (Allocation Failure) 59M->36M(82M) 2.365ms
[113.829s][info][gc] GC(442) Pause Young (Allocation Failure) 59M->37M(82M) 3.533ms
[114.622s][info][gc] GC(443) Pause Young (Allocation Failure) 59M->37M(82M) 5.627ms
[115.126s][info][gc] GC(444) Pause Young (Allocation Failure) 60M->37M(82M) 6.369ms
[115.665s][info][gc] GC(445) Pause Young (Allocation Failure) 60M->37M(82M) 4.791ms
[116.173s][info][gc] GC(446) Pause Young (Allocation Failure) 60M->38M(82M) 6.922ms
[116.775s][info][gc] GC(447) Pause Young (Allocation Failure) 61M->38M(82M) 6.584ms
[117.181s][info][gc] GC(448) Pause Young (Allocation Failure) 61M->38M(82M) 6.377ms
[117.442s][info][gc] GC(449) Pause Young (Allocation Failure) 61M->39M(82M) 5.826ms
[117.624s][info][gc] GC(450) Pause Young (Allocation Failure) 62M->39M(82M) 3.744ms
[117.843s][info][gc] GC(451) Pause Young (Allocation Failure) 62M->39M(82M) 6.348ms
[118.021s][info][gc] GC(452) Pause Young (Allocation Failure) 62M->40M(82M) 3.753ms
[118.316s][info][gc] GC(453) Pause Young (Allocation Failure) 63M->40M(82M) 6.567ms
[118.474s][info][gc] GC(454) Pause Young (Allocation Failure) 63M->40M(82M) 4.050ms
[118.652s][info][gc] GC(455) Pause Young (Allocation Failure) 63M->41M(82M) 4.182ms
[118.890s][info][gc] GC(456) Pause Young (Allocation Failure) 64M->41M(82M) 4.487ms
[119.069s][info][gc] GC(457) Pause Young (Allocation Failure) 64M->41M(82M) 4.060ms
[119.388s][info][gc] GC(458) Pause Young (Allocation Failure) 64M->42M(82M) 5.934ms
[119.542s][info][gc] GC(459) Pause Young (Allocation Failure) 65M->42M(82M) 3.903ms
[119.817s][info][gc] GC(460) Pause Young (Allocation Failure) 65M->42M(82M) 5.161ms
[119.979s][info][gc] GC(461) Pause Young (Allocation Failure) 65M->43M(82M) 3.877ms
[120.199s][info][gc] GC(462) Pause Young (Allocation Failure) 66M->43M(82M) 4.023ms
[120.437s][info][gc] GC(463) Pause Young (Allocation Failure) 66M->43M(82M) 3.959ms
[120.602s][info][gc] GC(464) Pause Young (Allocation Failure) 66M->44M(82M) 3.909ms
[120.817s][info][gc] GC(465) Pause Young (Allocation Failure) 67M->44M(82M) 4.053ms
[120.991s][info][gc] GC(466) Pause Young (Allocation Failure) 67M->44M(82M) 6.359ms
[121.166s][info][gc] GC(467) Pause Young (Allocation Failure) 67M->45M(82M) 3.942ms
[121.434s][info][gc] GC(468) Pause Young (Allocation Failure) 68M->45M(82M) 4.365ms
[121.620s][info][gc] GC(469) Pause Young (Allocation Failure) 68M->45M(82M) 6.552ms
[121.938s][info][gc] GC(470) Pause Young (Allocation Failure) 68M->46M(82M) 6.256ms
[122.177s][info][gc] GC(471) Pause Young (Allocation Failure) 69M->46M(82M) 6.406ms
[122.448s][info][gc] GC(472) Pause Young (Allocation Failure) 69M->46M(82M) 6.509ms
[122.811s][info][gc] GC(473) Pause Young (Allocation Failure) 69M->47M(82M) 4.712ms
[123.043s][info][gc] GC(474) Pause Young (Allocation Failure) 70M->47M(82M) 6.770ms
[123.292s][info][gc] GC(475) Pause Young (Allocation Failure) 70M->47M(82M) 4.302ms
[123.451s][info][gc] GC(476) Pause Young (Allocation Failure) 70M->48M(82M) 3.908ms
[123.617s][info][gc] GC(477) Pause Young (Allocation Failure) 71M->48M(82M) 6.617ms
[123.939s][info][gc] GC(478) Pause Young (Allocation Failure) 71M->48M(82M) 6.211ms
[124.087s][info][gc] GC(479) Pause Young (Allocation Failure) 71M->49M(82M) 4.070ms
[124.294s][info][gc] GC(480) Pause Young (Allocation Failure) 72M->49M(82M) 3.897ms
[124.483s][info][gc] GC(481) Pause Young (Allocation Failure) 72M->49M(82M) 3.921ms
[124.661s][info][gc] GC(482) Pause Young (Allocation Failure) 72M->50M(82M) 3.937ms
[124.898s][info][gc] GC(483) Pause Young (Allocation Failure) 72M->50M(82M) 4.228ms
[125.084s][info][gc] GC(484) Pause Young (Allocation Failure) 73M->50M(82M) 3.996ms
[125.340s][info][gc] GC(485) Pause Young (Allocation Failure) 73M->51M(82M) 6.292ms
[125.511s][info][gc] GC(486) Pause Young (Allocation Failure) 73M->51M(82M) 3.916ms
[125.672s][info][gc] GC(487) Pause Young (Allocation Failure) 74M->51M(82M) 4.379ms
[126.006s][info][gc] GC(488) Pause Young (Allocation Failure) 74M->52M(82M) 3.908ms
[126.264s][info][gc] GC(489) Pause Young (Allocation Failure) 74M->52M(82M) 7.014ms
[126.439s][info][gc] GC(490) Pause Young (Allocation Failure) 75M->52M(82M) 3.963ms
[126.618s][info][gc] GC(491) Pause Young (Allocation Failure) 75M->53M(82M) 5.182ms
[126.956s][info][gc] GC(492) Pause Young (Allocation Failure) 75M->53M(82M) 4.657ms
[127.111s][info][gc] GC(493) Pause Young (Allocation Failure) 76M->53M(82M) 4.066ms
[127.417s][info][gc] GC(494) Pause Young (Allocation Failure) 76M->53M(82M) 4.247ms
[127.556s][info][gc] GC(495) Pause Young (Allocation Failure) 76M->54M(82M) 3.642ms
[127.911s][info][gc] GC(496) Pause Young (Allocation Failure) 77M->54M(82M) 6.346ms
[128.130s][info][gc] GC(497) Pause Young (Allocation Failure) 77M->54M(82M) 5.581ms
[128.388s][info][gc] GC(498) Pause Young (Allocation Failure) 77M->55M(82M) 5.559ms
[128.702s][info][gc] GC(499) Pause Young (Allocation Failure) 78M->55M(82M) 6.787ms
[129.027s][info][gc] GC(500) Pause Young (Allocation Failure) 78M->55M(82M) 4.746ms
[129.365s][info][gc] GC(501) Pause Young (Allocation Failure) 78M->56M(82M) 4.851ms
[129.512s][info][gc] GC(502) Pause Young (Allocation Failure) 79M->56M(82M) 4.093ms
[129.702s][info][gc] GC(503) Pause Young (Allocation Failure) 79M->56M(82M) 4.038ms
[129.936s][info][gc] GC(504) Pause Young (Allocation Failure) 79M->57M(82M) 4.256ms
[130.104s][info][gc] GC(505) Pause Young (Allocation Failure) 80M->57M(82M) 4.013ms
[130.411s][info][gc] GC(506) Pause Young (Allocation Failure) 80M->57M(82M) 6.277ms
[130.564s][info][gc] GC(507) Pause Young (Allocation Failure) 80M->58M(82M) 3.933ms
[130.740s][info][gc] GC(508) Pause Young (Allocation Failure) 81M->58M(82M) 5.415ms
[130.993s][info][gc] GC(509) Pause Young (Allocation Failure) 81M->58M(83M) 3.925ms
[131.128s][info][gc] GC(510) Pause Full (Allocation Failure) 58M->58M(138M) 134.325ms
[131.588s][info][gc] GC(511) Pause Young (Allocation Failure) 95M->59M(138M) 37.984ms
[131.933s][info][gc] GC(512) Pause Young (Allocation Failure) 97M->59M(138M) 6.497ms
[132.205s][info][gc] GC(513) Pause Young (Allocation Failure) 98M->60M(138M) 8.376ms
[132.570s][info][gc] GC(514) Pause Young (Allocation Failure) 98M->61M(138M) 5.370ms
[132.952s][info][gc] GC(515) Pause Young (Allocation Failure) 99M->61M(138M) 6.257ms
[133.224s][info][gc] GC(516) Pause Young (Allocation Failure) 100M->62M(138M) 5.915ms
[133.559s][info][gc] GC(517) Pause Young (Allocation Failure) 100M->62M(138M) 7.563ms
[134.021s][info][gc] GC(518) Pause Young (Allocation Failure) 101M->63M(138M) 7.141ms
[134.356s][info][gc] GC(519) Pause Young (Allocation Failure) 101M->63M(138M) 7.142ms
[134.657s][info][gc] GC(520) Pause Young (Allocation Failure) 102M->64M(138M) 9.031ms
[135.050s][info][gc] GC(521) Pause Young (Allocation Failure) 102M->64M(138M) 8.207ms
[135.378s][info][gc] GC(522) Pause Young (Allocation Failure) 103M->65M(138M) 6.566ms
[135.667s][info][gc] GC(523) Pause Young (Allocation Failure) 103M->66M(138M) 7.326ms
[136.080s][info][gc] GC(524) Pause Young (Allocation Failure) 104M->66M(138M) 6.517ms
[136.433s][info][gc] GC(525) Pause Young (Allocation Failure) 104M->67M(138M) 8.205ms
[136.713s][info][gc] GC(526) Pause Young (Allocation Failure) 105M->67M(138M) 9.116ms
[137.096s][info][gc] GC(527) Pause Young (Allocation Failure) 106M->68M(138M) 7.565ms
[137.461s][info][gc] GC(528) Pause Young (Allocation Failure) 106M->68M(138M) 8.169ms
[137.728s][info][gc] GC(529) Pause Young (Allocation Failure) 107M->69M(138M) 9.079ms
[138.073s][info][gc] GC(530) Pause Young (Allocation Failure) 107M->69M(138M) 6.596ms
[138.489s][info][gc] GC(531) Pause Young (Allocation Failure) 108M->70M(138M) 6.580ms
[138.777s][info][gc] GC(532) Pause Young (Allocation Failure) 108M->70M(138M) 10.238ms
[139.114s][info][gc] GC(533) Pause Young (Allocation Failure) 109M->71M(138M) 6.527ms
[139.519s][info][gc] GC(534) Pause Young (Allocation Failure) 109M->72M(138M) 6.862ms
[139.804s][info][gc] GC(535) Pause Young (Allocation Failure) 110M->72M(138M) 6.725ms
[140.146s][info][gc] GC(536) Pause Young (Allocation Failure) 110M->73M(138M) 6.809ms
[140.528s][info][gc] GC(537) Pause Young (Allocation Failure) 111M->73M(138M) 7.012ms
[140.887s][info][gc] GC(538) Pause Young (Allocation Failure) 112M->74M(138M) 7.438ms
[141.157s][info][gc] GC(539) Pause Young (Allocation Failure) 112M->74M(138M) 7.005ms
[141.533s][info][gc] GC(540) Pause Young (Allocation Failure) 113M->75M(138M) 6.985ms
[142.066s][info][gc] GC(541) Pause Young (Allocation Failure) 113M->75M(138M) 10.779ms
[142.489s][info][gc] GC(542) Pause Young (Allocation Failure) 114M->76M(138M) 7.853ms
[142.781s][info][gc] GC(543) Pause Young (Allocation Failure) 114M->77M(138M) 7.379ms
[143.119s][info][gc] GC(544) Pause Young (Allocation Failure) 115M->77M(138M) 7.623ms
[143.483s][info][gc] GC(545) Pause Young (Allocation Failure) 115M->78M(138M) 6.387ms
[143.758s][info][gc] GC(546) Pause Young (Allocation Failure) 116M->78M(138M) 10.921ms
[144.174s][info][gc] GC(547) Pause Young (Allocation Failure) 117M->79M(138M) 6.846ms
[144.599s][info][gc] GC(548) Pause Young (Allocation Failure) 117M->79M(138M) 8.212ms
[144.983s][info][gc] GC(549) Pause Young (Allocation Failure) 118M->80M(138M) 6.705ms
[145.273s][info][gc] GC(550) Pause Young (Allocation Failure) 118M->80M(138M) 8.967ms
[145.611s][info][gc] GC(551) Pause Young (Allocation Failure) 119M->81M(138M) 7.472ms
[145.940s][info][gc] GC(552) Pause Young (Allocation Failure) 119M->81M(138M) 7.459ms
[146.256s][info][gc] GC(553) Pause Young (Allocation Failure) 120M->82M(138M) 7.331ms
[146.636s][info][gc] GC(554) Pause Young (Allocation Failure) 120M->83M(138M) 12.323ms
[147.050s][info][gc] GC(555) Pause Young (Allocation Failure) 121M->83M(138M) 7.510ms
[147.321s][info][gc] GC(556) Pause Young (Allocation Failure) 121M->84M(138M) 7.734ms
[147.671s][info][gc] GC(557) Pause Young (Allocation Failure) 122M->84M(138M) 8.538ms
[148.110s][info][gc] GC(558) Pause Young (Allocation Failure) 123M->85M(138M) 7.184ms
[148.487s][info][gc] GC(559) Pause Young (Allocation Failure) 123M->85M(138M) 6.942ms
[148.751s][info][gc] GC(560) Pause Young (Allocation Failure) 124M->86M(138M) 10.277ms
[149.101s][info][gc] GC(561) Pause Young (Allocation Failure) 124M->86M(138M) 10.450ms
[149.440s][info][gc] GC(562) Pause Young (Allocation Failure) 125M->87M(138M) 7.474ms
[149.731s][info][gc] GC(563) Pause Young (Allocation Failure) 125M->87M(138M) 9.419ms
[150.126s][info][gc] GC(564) Pause Young (Allocation Failure) 126M->88M(138M) 7.268ms
[150.514s][info][gc] GC(565) Pause Young (Allocation Failure) 126M->89M(138M) 6.739ms
[150.783s][info][gc] GC(566) Pause Young (Allocation Failure) 127M->89M(138M) 7.929ms
[151.145s][info][gc] GC(567) Pause Young (Allocation Failure) 128M->90M(138M) 6.914ms
[151.491s][info][gc] GC(568) Pause Young (Allocation Failure) 128M->90M(138M) 9.958ms
[151.784s][info][gc] GC(569) Pause Young (Allocation Failure) 129M->91M(138M) 6.518ms
[152.161s][info][gc] GC(570) Pause Young (Allocation Failure) 129M->91M(138M) 7.233ms
[152.555s][info][gc] GC(571) Pause Young (Allocation Failure) 130M->92M(138M) 6.898ms
[152.837s][info][gc] GC(572) Pause Young (Allocation Failure) 130M->92M(138M) 9.167ms
[153.203s][info][gc] GC(573) Pause Young (Allocation Failure) 131M->93M(138M) 6.514ms
[153.549s][info][gc] GC(574) Pause Young (Allocation Failure) 131M->94M(138M) 6.928ms
[153.913s][info][gc] GC(575) Pause Young (Allocation Failure) 132M->94M(138M) 7.503ms
[154.197s][info][gc] GC(576) Pause Young (Allocation Failure) 132M->95M(138M) 7.056ms
[154.542s][info][gc] GC(577) Pause Young (Allocation Failure) 133M->95M(138M) 7.557ms
[154.844s][info][gc] GC(578) Pause Young (Allocation Failure) 134M->96M(138M) 11.360ms
[155.202s][info][gc] GC(579) Pause Young (Allocation Failure) 134M->96M(138M) 8.069ms
[155.645s][info][gc] GC(580) Pause Young (Allocation Failure) 135M->97M(138M) 6.724ms
[156.009s][info][gc] GC(581) Pause Young (Allocation Failure) 135M->97M(138M) 7.495ms
[156.323s][info][gc] GC(582) Pause Young (Allocation Failure) 136M->98M(138M) 7.220ms
[156.758s][info][gc] GC(583) Pause Young (Allocation Failure) 136M->98M(139M) 6.857ms
[157.002s][info][gc] GC(584) Pause Full (Allocation Failure) 98M->98M(232M) 244.195ms
[157.648s][info][gc] GC(585) Pause Young (Allocation Failure) 160M->99M(232M) 60.434ms
[158.270s][info][gc] GC(586) Pause Young (Allocation Failure) 164M->100M(232M) 11.529ms
[158.891s][info][gc] GC(587) Pause Young (Allocation Failure) 165M->101M(232M) 15.669ms
[159.437s][info][gc] GC(588) Pause Young (Allocation Failure) 165M->102M(232M) 10.132ms
[159.956s][info][gc] GC(589) Pause Young (Allocation Failure) 166M->103M(232M) 9.382ms
[160.609s][info][gc] GC(590) Pause Young (Allocation Failure) 167M->104M(232M) 12.181ms
[161.134s][info][gc] GC(591) Pause Young (Allocation Failure) 168M->105M(232M) 12.189ms
[161.675s][info][gc] GC(592) Pause Young (Allocation Failure) 169M->106M(232M) 12.665ms
[162.206s][info][gc] GC(593) Pause Young (Allocation Failure) 170M->107M(232M) 10.922ms
[162.837s][info][gc] GC(594) Pause Young (Allocation Failure) 171M->108M(232M) 11.532ms
[163.417s][info][gc] GC(595) Pause Young (Allocation Failure) 172M->109M(232M) 15.769ms
[163.957s][info][gc] GC(596) Pause Young (Allocation Failure) 173M->109M(232M) 12.471ms
[164.518s][info][gc] GC(597) Pause Young (Allocation Failure) 174M->110M(232M) 13.454ms
[165.271s][info][gc] GC(598) Pause Young (Allocation Failure) 175M->111M(232M) 11.358ms
[166.009s][info][gc] GC(599) Pause Young (Allocation Failure) 176M->112M(232M) 12.001ms
[166.623s][info][gc] GC(600) Pause Young (Allocation Failure) 177M->113M(232M) 15.614ms
[167.290s][info][gc] GC(601) Pause Young (Allocation Failure) 177M->114M(232M) 14.431ms
[167.844s][info][gc] GC(602) Pause Young (Allocation Failure) 178M->115M(232M) 18.419ms
[168.418s][info][gc] GC(603) Pause Young (Allocation Failure) 179M->116M(232M) 13.945ms
[168.987s][info][gc] GC(604) Pause Young (Allocation Failure) 180M->117M(232M) 12.637ms
[169.510s][info][gc] GC(605) Pause Young (Allocation Failure) 181M->118M(232M) 13.043ms
[170.043s][info][gc] GC(606) Pause Young (Allocation Failure) 182M->119M(232M) 13.362ms
[170.676s][info][gc] GC(607) Pause Young (Allocation Failure) 183M->120M(232M) 14.315ms
[171.267s][info][gc] GC(608) Pause Young (Allocation Failure) 184M->121M(232M) 13.313ms
[171.806s][info][gc] GC(609) Pause Young (Allocation Failure) 185M->121M(232M) 11.784ms
[172.423s][info][gc] GC(610) Pause Young (Allocation Failure) 186M->122M(232M) 11.736ms
[173.053s][info][gc] GC(611) Pause Young (Allocation Failure) 187M->123M(232M) 11.962ms
[173.637s][info][gc] GC(612) Pause Young (Allocation Failure) 188M->124M(232M) 14.054ms
[174.218s][info][gc] GC(613) Pause Young (Allocation Failure) 188M->125M(232M) 11.583ms
[175.015s][info][gc] GC(614) Pause Young (Allocation Failure) 189M->126M(232M) 11.989ms
[175.544s][info][gc] GC(615) Pause Young (Allocation Failure) 190M->127M(232M) 12.115ms
[176.284s][info][gc] GC(616) Pause Young (Allocation Failure) 191M->128M(232M) 14.761ms
[176.834s][info][gc] GC(617) Pause Young (Allocation Failure) 192M->129M(232M) 11.524ms
[177.497s][info][gc] GC(618) Pause Young (Allocation Failure) 193M->130M(232M) 14.638ms
[178.051s][info][gc] GC(619) Pause Young (Allocation Failure) 194M->131M(232M) 12.094ms
[178.671s][info][gc] GC(620) Pause Young (Allocation Failure) 195M->132M(232M) 14.525ms
[179.282s][info][gc] GC(621) Pause Young (Allocation Failure) 196M->132M(232M) 15.700ms
[179.887s][info][gc] GC(622) Pause Young (Allocation Failure) 197M->133M(232M) 11.202ms
[180.460s][info][gc] GC(623) Pause Young (Allocation Failure) 198M->134M(232M) 15.711ms
[181.060s][info][gc] GC(624) Pause Young (Allocation Failure) 199M->135M(232M) 12.696ms
[181.700s][info][gc] GC(625) Pause Young (Allocation Failure) 200M->136M(232M) 11.790ms
[182.303s][info][gc] GC(626) Pause Young (Allocation Failure) 200M->137M(232M) 11.980ms
[182.830s][info][gc] GC(627) Pause Young (Allocation Failure) 201M->138M(232M) 11.571ms
[183.390s][info][gc] GC(628) Pause Young (Allocation Failure) 202M->139M(232M) 15.819ms
[183.953s][info][gc] GC(629) Pause Young (Allocation Failure) 203M->140M(232M) 14.622ms
[184.480s][info][gc] GC(630) Pause Young (Allocation Failure) 204M->141M(232M) 12.597ms
[185.108s][info][gc] GC(631) Pause Young (Allocation Failure) 205M->142M(232M) 15.753ms
[185.746s][info][gc] GC(632) Pause Young (Allocation Failure) 206M->143M(232M) 12.564ms
[186.322s][info][gc] GC(633) Pause Young (Allocation Failure) 207M->144M(232M) 12.021ms
[186.866s][info][gc] GC(634) Pause Young (Allocation Failure) 208M->144M(232M) 11.029ms
[187.458s][info][gc] GC(635) Pause Young (Allocation Failure) 209M->145M(232M) 12.991ms
[188.036s][info][gc] GC(636) Pause Young (Allocation Failure) 210M->146M(232M) 15.756ms
[188.736s][info][gc] GC(637) Pause Young (Allocation Failure) 211M->147M(232M) 11.615ms
[189.365s][info][gc] GC(638) Pause Young (Allocation Failure) 211M->148M(232M) 13.533ms
[189.911s][info][gc] GC(639) Pause Young (Allocation Failure) 212M->149M(232M) 11.364ms
[190.503s][info][gc] GC(640) Pause Young (Allocation Failure) 213M->150M(232M) 11.994ms
